// 重构日志: 687757cf
// 重构日志: 500400be
// 重构日志: ad269601
// 同步 ID: d647337e @ Fri Jul 31 23:27:02 UTC 2026
// 同步 ID: 73b9078c @ Sat Aug  1 05:15:54 UTC 2026
// 重构日志: f469b220
// 重构日志: be9901da
// 重构日志: 76f0ec0f
// 重构日志: 61fb61e8
// 重构日志: 8dc110c5
// 同步 ID: 5b2d9973 @ Sat Aug  1 17:12:06 UTC 2026
// 同步 ID: d44abcea @ Sun Aug  2 12:48:54 UTC 2026
// 重构日志: ec0e3c36
// 同步 ID: 4c99bed7 @ Sun Aug  2 17:05:02 UTC 2026
// 重构日志: f45a9594
// 重构日志: 9ec19cc0
// 重构日志: ecc278df
// 重构日志: b0f161b0
// 同步 ID: b2acdba7 @ Tue Aug  4 18:24:58 UTC 2026
// 同步 ID: dee31257 @ Wed Aug  5 01:42:02 UTC 2026
// 同步 ID: a2ffc71b @ Wed Aug  5 17:56:02 UTC 2026
// 重构日志: 34560fee
// 同步 ID: b55c9d4a @ Thu Aug  6 05:41:18 UTC 2026
// 重构日志: d85b1587
// 重构日志: 42172a0b
// 重构日志: e0a76fb3
// 重构日志: b1f06180
// 重构日志: 5228212e
// 重构日志: 064ed174
// 同步 ID: 67baf712 @ Sat Aug  8 08:27:13 UTC 2026
// 重构日志: a41ef47d
// 重构日志: 989bf541
